API Key: AIzaSyCCCDO2Hh78Uf3zqkj6eppFxSQ402OFwhs
Attempting Gemini chat with model: gemini-1.5-flash...
node : Γ¥î Model 
gemini-1.5-flash 
failed: 
[GoogleGenerativeAI 
Error]: Error fetching 
from https://generative
language.googleapis.com
/v1beta/models/gemini-1
.5-flash:generateConten
t: [404 Not Found] mode
ls/gemini-1.5-flash is 
not found for API 
version v1beta, or is 
not supported for 
generateContent. Call 
ListModels to see the 
list of available 
models and their 
supported methods.
At line:1 char:1
+ node test_gemini.js 
> test_output.txt 2>&1
+ ~~~~~~~~~~~~~~~~~~~~~
~~~~~~~~~~~~~~~~~~~~~
    + CategoryInfo     
         : NotSpecifi  
  ed: (Γ¥î Model gem   
 in...ported method    
s.:String) [], Rem    
oteException
    + FullyQualifiedEr 
   rorId : NativeComm  
  andError
 
Attempting Gemini chat with model: gemini-1.5-pro...
Γ¥î Model 
gemini-1.5-pro failed: 
[GoogleGenerativeAI 
Error]: Error fetching 
from https://generative
language.googleapis.com
/v1beta/models/gemini-1
.5-pro:generateContent:
 [404 Not Found] 
models/gemini-1.5-pro 
is not found for API 
version v1beta, or is 
not supported for 
generateContent. Call 
ListModels to see the 
list of available 
models and their 
supported methods.
Attempting Gemini chat with model: gemini-pro...
Γ¥î Model gemini-pro 
failed: 
[GoogleGenerativeAI 
Error]: Error fetching 
from https://generative
language.googleapis.com
/v1beta/models/gemini-p
ro:generateContent: 
[404 Not Found] 
models/gemini-pro is 
not found for API 
version v1beta, or is 
not supported for 
generateContent. Call 
ListModels to see the 
list of available 
models and their 
supported methods.
Attempting Gemini chat with model: gemini-1.0-pro...
Γ¥î Model 
gemini-1.0-pro failed: 
[GoogleGenerativeAI 
Error]: Error fetching 
from https://generative
language.googleapis.com
/v1beta/models/gemini-1
.0-pro:generateContent:
 [404 Not Found] 
models/gemini-1.0-pro 
is not found for API 
version v1beta, or is 
not supported for 
generateContent. Call 
ListModels to see the 
list of available 
models and their 
supported methods.
